// Jest Snapshot v1, https://goo.gl/fbAQLP

exports[`ExerciseModal Snapshot 1`] = `
<div
  className="css-64ccug"
>
  
  <div
    className="css-k46vyb"
  >
    <div
      className="css-ov1ktg"
    >
      <button
        className="css-ikh6w2"
        onClick={[Function]}
      >
        Increase Reps
      </button>
      <button
        className="css-ikh6w2"
        onClick={[Function]}
      >
        Decrease Reps
      </button>
    </div>
    <div
      className="css-nu9ioa"
    />
  </div>
  <div
    className="css-ov1ktg"
  >
    <button
      className="css-ljtnwa"
      onClick={[Function]}
    >
      add to plan
    </button>
    <button
      className="css-ljtnwa"
      onClick={[Function]}
    >
      cancel
    </button>
  </div>
</div>
`;
