// Jest Snapshot v1, https://goo.gl/fbAQLP

exports[`SaveButton Snapshot 1`] = `
<a
  aria-current="page"
  href="/"
  onClick={[Function]}
>
  <div
    className="css-ov1ktg"
  >
    <button
      className="css-ljtnwa"
      onClick={[Function]}
    >
      Save Workout
    </button>
    <button
      className="css-ljtnwa"
      onClick={[Function]}
    >
      Don't Save
    </button>
  </div>
</a>
`;
