// Jest Snapshot v1, https://goo.gl/fbAQLP

exports[`DropdownNav Snapshot 1`] = `
<div
  onMouseEnter={[Function]}
  onMouseLeave={[Function]}
  style={
    Object {
      "position": "fixed",
    }
  }
>
  <div
    className="css-pvpjm2"
    onMouseEnter={[Function]}
  >
    OPTIONS
  </div>
</div>
`;
